// Jest Snapshot v1, https://goo.gl/fbAQLP

exports[`Throw when timeout is exceeded 1`] = `
"FAIL __tests__/index.test.ts
  Timeout Options
    ✕ Throw when timeout is reached

  ● Timeout Options › Throw when timeout is reached

    Step timed out after 250ms

      59 |
      60 | const timeout = (ms: number) => {
    > 61 |   return new Promise((_, reject) => setTimeout(() => reject(new Error(\`Step timed out after \${ms}ms\`)), ms));
         |                                                             ^
      62 | };
      63 |
      64 | const parseArguments = <T>(args: readonly Argument[]): (T | null)[] => {

      at Timeout._onTimeout (../../src/gherkin/feature.ts:61:61)"
`;
